// Jest Snapshot v1, https://goo.gl/fbAQLP

exports[`UserInfo component Renders a users GitHub info 1`] = `
<DocumentFragment>
  <h1 />
  <a>
    GitHub Link: 
  </a>
  <p>
    Followers: 
  </p>
  <p>
    Following: 
  </p>
  <ul>
    Repositories:
  </ul>
</DocumentFragment>
`;
